# Licensed to the Apache Software Foundation (ASF) under one or more
# contributor license agreements.  See the NOTICE file distributed with
# this work for additional information regarding copyright ownership.
# The ASF licenses this file to You under the Apache License, Version 2.0
# (the "License"); you may not use this file except in compliance with
# the License.  You may obtain a copy of the License at
#
#     http://www.apache.org/licenses/LICENSE-2.0
#
# Unless required by applicable law or agreed to in writing, software
# distributed under the License is distributed on an "AS IS" BASIS,
# WITHOUT WARRANTIES OR CONDITIONS OF ANY KIND, either express or implied.
# See the License for the specific language governing permissions and
# limitations under the License.

nodes:
{{- contains .nodes }}
- id: {{ b64enc "provider-py"}}.1
  name: provider-py
  type: Python
  isreal: true
- id: {{ b64enc "test-ui<browser>"}}.1
  name: test-ui<browser>
  type: null
  isreal: true
{{- end }}
calls:
{{- contains .calls }}
- source: {{ b64enc "test-ui<browser>"}}.1
  sourcecomponents: []
  target: {{ b64enc "provider-py"}}.1
  targetcomponents: []
  id: {{ b64enc "test-ui<browser>"}}.1-{{ b64enc "provider-py"}}.1
  detectpoints:
    - CLIENT
    - SERVER
{{- end }}
